Warning: Ignoring XDG_SESSION_TYPE=wayland on Gnome. Use QT_QPA_PLATFORM=wayland to run on Wayland anyway.
Switch to module:  "Welcome"
[DEBUG] Slicer script argv: ['/home/trentodoc/ASUIT_Projects/seg-to-cfd/steps/slicer/extract_tree_and_extensions.py', '--patient-dir', '/home/trentodoc/ASUIT_Projects/seg-to-cfd/database/pz000', '--flow-ext', '25.0']
[DEBUG] Slicer parsed args: ['--patient-dir', '/home/trentodoc/ASUIT_Projects/seg-to-cfd/database/pz000', '--flow-ext', '25.0']
[pz000] patient_dir resolved to: /home/trentodoc/ASUIT_Projects/seg-to-cfd/database/pz000
[pz000] input VTK resolved to: /home/trentodoc/ASUIT_Projects/seg-to-cfd/database/pz000/lumen_tree_cfd.vtk
[pz000] Caricamento modello superficie: /home/trentodoc/ASUIT_Projects/seg-to-cfd/database/pz000/lumen_tree_cfd.vtk
[pz000] Esiste il file? True
"Model" Reader has successfully read the file "/home/trentodoc/ASUIT_Projects/seg-to-cfd/database/pz000/lumen_tree_cfd.vtk" "[0.01s]"
[pz000] Estrazione automatica degli endpoints...
Switch to module:  "ExtractCenterline"

============================================================
 INTERVENTO RICHIESTO: Correggi la posizione degli endpoints nella GUI.
 Una volta terminato, clicca sul pulsante 'CONFERMA E CHIUDI GUI' nella barra in alto.
============================================================

Found CommandLine Module, target is /home/trentodoc/APPS/Slicer-5.12.3-linux-amd64/bin/../lib/Slicer-5.12/cli-modules/Decimation
ModuleType: CommandLineModule
Decimation command line: 
Decimation standard output:
Decimation completed without errors
Warning: In vtkMRMLModelStorageNode.cxx, line 452
vtkMRMLModelStorageNode (0x2a3fd3b0): ReadDataInternal (vtkMRMLModelStorageNode2): File /tmp/Slicer-trentodoc/HCCI_vtkMRMLModelNodeG.obj does not contain coordinate system information. Using LPS.


Found CommandLine Module, target is /home/trentodoc/APPS/Slicer-5.12.3-linux-amd64/bin/../lib/Slicer-5.12/cli-modules/Decimation
ModuleType: CommandLineModule
Decimation command line: 
Decimation standard output:
Decimation completed without errors
Warning: In vtkMRMLModelStorageNode.cxx, line 452
vtkMRMLModelStorageNode (0x2f87b330): ReadDataInternal (vtkMRMLModelStorageNode3): File /tmp/Slicer-trentodoc/HCCI_vtkMRMLModelNodeI.obj does not contain coordinate system information. Using LPS.


Error: can't reconstruct new profile.
[pz000] Endpoints salvati in: /home/trentodoc/ASUIT_Projects/seg-to-cfd/database/pz000/Endpoints_pz000.mrk.json
[pz000] Calcolo Centerlines e applicazione Flow Extensions (25.0 mm)...
[pz000] Usando ExtractCenterlineLogic.preprocess
Found CommandLine Module, target is /home/trentodoc/APPS/Slicer-5.12.3-linux-amd64/bin/../lib/Slicer-5.12/cli-modules/Decimation
ModuleType: CommandLineModule
Decimation command line: 
Decimation standard output:
Decimation completed without errors
Warning: In vtkMRMLModelStorageNode.cxx, line 452
vtkMRMLModelStorageNode (0x2cf0d4e0): ReadDataInternal (vtkMRMLModelStorageNode4): File /tmp/Slicer-trentodoc/HCCI_vtkMRMLModelNodeBB.obj does not contain coordinate system information. Using LPS.


[pz000] Usando ExtractCenterlineLogic.extractCenterline
Generic Warning: In vtkMath.cxx, line 570
Unable to factor linear system


Generic Warning: In vtkMath.cxx, line 570
Unable to factor linear system


Generic Warning: In vtkMath.cxx, line 570
Unable to factor linear system


[pz000] Coordinate system inferred from input VTK: RAS
[pz000] Modello finale salvato in: /home/trentodoc/ASUIT_Projects/seg-to-cfd/database/pz000/tree_model_pz000.vtk
[pz000] Generazione modello cap+flow extension in: /home/trentodoc/ASUIT_Projects/seg-to-cfd/database/pz000/lumen_tree_cfd_cap.vtk
[pz000] Modello cap+flow extension salvato in: /home/trentodoc/ASUIT_Projects/seg-to-cfd/database/pz000/lumen_tree_cfd_cap.vtk
Switch to module:  ""
QMainWindow::saveState(): 'objectName' not set for QDockWidget 0x3849b260 'CFD Pipeline - Revisione Endpoints;
Switch to module:  ""
